192.168.1.210 - - [27/Aug/2018:09:46:29 +0800] "GET /asset/jslib/util.js HTTP/1.1" 200 1481
192.168.1.210 - - [27/Aug/2018:09:46:29 +0800] "GET /asset/jslib/jquery-easyui-1.4.5/locale/easyui-lang-zh_CN.js HTTP/1.1" 200 2487
192.168.1.210 - - [27/Aug/2018:09:46:29 +0800] "GET /asset/jslib/jquery-easyui-1.4.5/themes/icons/reload.png HTTP/1.1" 200 1045
192.168.1.210 - - [27/Aug/2018:09:46:29 +0800] "GET /asset/jslib/jquery-easyui-1.4.5/themes/icons/man.png HTTP/1.1" 200 244
192.168.1.210 - - [27/Aug/2018:09:46:29 +0800] "GET /asset/jslib/jquery-easyui-1.4.5/themes/icons/lock.png HTTP/1.1" 200 311
192.168.1.210 - - [27/Aug/2018:09:46:29 +0800] "GET /asset/jslib/jquery-easyui-1.4.5/themes/default/images/blank.gif HTTP/1.1" 200 43
192.168.1.210 - - [27/Aug/2018:09:46:29 +0800] "POST /asset/imgAction!doNotNeedSession_loadImgCode.action HTTP/1.1" 200 5
192.168.1.210 - - [27/Aug/2018:09:46:29 +0800] "GET /asset/imgAction!doNotNeedSession_imgCode.action?r=0.41654775584512427 HTTP/1.1" 200 1574
192.168.1.210 - - [27/Aug/2018:09:46:30 +0800] "GET /favicon.ico HTTP/1.1" 200 21630
192.168.1.210 - - [27/Aug/2018:09:46:30 +0800] "POST /asset/imgAction!doNotNeedSession_loadImgCode.action HTTP/1.1" 200 14
192.168.1.210 - - [27/Aug/2018:09:46:31 +0800] "POST /asset/imgAction!doNotNeedSession_loadImgCode.action HTTP/1.1" 200 14
192.168.1.203 - - [27/Aug/2018:09:46:34 +0800] "POST /asset/accountAction!doNotNeedSession_login.action HTTP/1.1" 200 81
192.168.1.188 - - [27/Aug/2018:09:46:35 +0800] "GET /asset HTTP/1.1" 302 -
192.168.1.188 - - [27/Aug/2018:09:46:35 +0800] "GET /asset/ HTTP/1.1" 200 4124
192.168.1.188 - - [27/Aug/2018:09:46:35 +0800] "GET /asset/jslib/jquery-easyui-1.4.5/jquery.min.js HTTP/1.1" 200 95957
192.168.1.188 - - [27/Aug/2018:09:46:35 +0800] "GET /asset/jslib/jquery-easyui-1.4.5/themes/default/easyui.css HTTP/1.1" 200 58597
192.168.1.188 - - [27/Aug/2018:09:46:35 +0800] "GET /asset/jslib/jquery-easyui-1.4.5/themes/icon.css HTTP/1.1" 200 2506
192.168.1.188 - - [27/Aug/2018:09:46:35 +0800] "GET /asset/jslib/jquery-easyui-1.4.5/jquery.easyui.min.js HTTP/1.1" 200 389242
192.168.1.188 - - [27/Aug/2018:09:46:35 +0800] "GET /asset/jslib/jquery-easyui-1.4.5/locale/easyui-lang-zh_CN.js HTTP/1.1" 200 2487
192.168.1.188 - - [27/Aug/2018:09:46:35 +0800] "GET /asset/jslib/util.js HTTP/1.1" 200 1481
192.168.1.188 - - [27/Aug/2018:09:46:35 +0800] "GET /asset/jslib/jquery-easyui-1.4.5/themes/icons/reload.png HTTP/1.1" 200 1045
192.168.1.188 - - [27/Aug/2018:09:46:35 +0800] "GET /asset/jslib/jquery-easyui-1.4.5/themes/icons/man.png HTTP/1.1" 200 244
192.168.1.188 - - [27/Aug/2018:09:46:35 +0800] "GET /asset/jslib/jquery-easyui-1.4.5/themes/icons/lock.png HTTP/1.1" 200 311
192.168.1.188 - - [27/Aug/2018:09:46:35 +0800] "GET /asset/jslib/jquery-easyui-1.4.5/themes/default/images/blank.gif HTTP/1.1" 200 43
192.168.1.188 - - [27/Aug/2018:09:46:35 +0800] "POST /asset/imgAction!doNotNeedSession_loadImgCode.action HTTP/1.1" 200 14
192.168.1.188 - - [27/Aug/2018:09:46:35 +0800] "GET /asset/imgAction!doNotNeedSession_imgCode.action?r=0.035922259304879356 HTTP/1.1" 200 1604
192.168.1.203 - - [27/Aug/2018:09:46:35 +0800] "POST /asset/accountAction!doNotNeedSession_login.action HTTP/1.1" 200 81
192.168.1.203 - - [27/Aug/2018:09:46:35 +0800] "POST /asset/accountAction!doNotNeedSession_login.action HTTP/1.1" 200 81
192.168.1.203 - - [27/Aug/2018:09:46:35 +0800] "POST /asset/accountAction!doNotNeedSession_login.action HTTP/1.1" 200 81
192.168.1.203 - - [27/Aug/2018:09:46:36 +0800] "POST /asset/accountAction!doNotNeedSession_login.action HTTP/1.1" 200 81
192.168.1.188 - - [27/Aug/2018:09:46:36 +0800] "POST /asset/imgAction!doNotNeedSession_loadImgCode.action HTTP/1.1" 200 14
192.168.1.203 - - [27/Aug/2018:09:46:36 +0800] "POST /asset/accountAction!doNotNeedSession_login.action HTTP/1.1" 200 81
192.168.1.203 - - [27/Aug/2018:09:46:36 +0800] "POST /asset/accountAction!doNotNeedSession_login.action HTTP/1.1" 200 81
192.168.1.203 - - [27/Aug/2018:09:46:36 +0800] "POST /asset/accountAction!doNotNeedSession_login.action HTTP/1.1" 200 81
192.168.1.203 - - [27/Aug/2018:09:46:37 +0800] "POST /asset/accountAction!doNotNeedSession_login.action HTTP/1.1" 200 81
192.168.1.203 - - [27/Aug/2018:09:46:37 +0800] "POST /asset/accountAction!doNotNeedSession_login.action HTTP/1.1" 200 81
192.168.1.203 - - [27/Aug/2018:09:46:37 +0800] "POST /asset/accountAction!doNotNeedSession_login.action HTTP/1.1" 200 81
192.168.1.203 - - [27/Aug/2018:09:46:37 +0800] "POST /asset/accountAction!doNotNeedSession_login.action HTTP/1.1" 200 81
192.168.1.203 - - [27/Aug/2018:09:46:37 +0800] "POST /asset/accountAction!doNotNeedSession_login.action HTTP/1.1" 200 81
192.168.1.203 - - [27/Aug/2018:09:46:38 +0800] "POST /asset/accountAction!doNotNeedSession_login.action HTTP/1.1" 200 81
192.168.1.203 - - [27/Aug/2018:09:46:38 +0800] "POST /asset/accountAction!doNotNeedSession_login.action HTTP/1.1" 200 81
192.168.1.203 - - [27/Aug/2018:09:46:38 +0800] "POST /asset/accountAction!doNotNeedSession_login.action HTTP/1.1" 200 81
192.168.1.203 - - [27/Aug/2018:09:46:38 +0800] "POST /asset/accountAction!doNotNeedSession_login.action HTTP/1.1" 200 81
192.168.1.203 - - [27/Aug/2018:09:46:38 +0800] "POST /asset/accountAction!doNotNeedSession_login.action HTTP/1.1" 200 81
192.168.1.203 - - [27/Aug/2018:09:46:39 +0800] "POST /asset/accountAction!doNotNeedSession_login.action HTTP/1.1" 200 27
192.168.1.203 - - [27/Aug/2018:09:46:39 +0800] "GET /asset/personinfoAction!person.action HTTP/1.1" 200 5719
192.168.1.203 - - [27/Aug/2018:09:46:39 +0800] "GET /asset/img/u2.png HTTP/1.1" 200 38103
192.168.1.203 - - [27/Aug/2018:09:46:39 +0800] "GET /asset/ws/websocket HTTP/1.1" 101 -
192.168.1.203 - - [27/Aug/2018:09:46:39 +0800] "GET /asset/img/bg.png HTTP/1.1" 200 329
192.168.1.203 - - [27/Aug/2018:09:46:39 +0800] "GET /asset/jslib/jquery-easyui-1.4.5/themes/default/images/tree_icons.png HTTP/1.1" 200 3115
192.168.1.203 - - [27/Aug/2018:09:46:39 +0800] "GET /asset/jslib/jquery-easyui-1.4.5/themes/default/images/layout_arrows.png HTTP/1.1" 200 319
192.168.1.203 - - [27/Aug/2018:09:46:39 +0800] "GET /asset/jslib/jquery-easyui-1.4.5/themes/default/images/tabs_icons.png HTTP/1.1" 200 150
192.168.1.203 - - [27/Aug/2018:09:46:39 +0800] "GET /asset/jslib/jquery-easyui-1.4.5/themes/default/images/accordion_arrows.png HTTP/1.1" 200 184
192.168.1.203 - - [27/Aug/2018:09:46:39 +0800] "GET /asset/newsAction!loadNews.action HTTP/1.1" 200 969
192.168.1.201 - - [27/Aug/2018:09:46:40 +0800] "POST /asset/accountAction!logout.action HTTP/1.1" 200 -
192.168.1.201 - - [27/Aug/2018:09:46:40 +0800] "GET /asset/ HTTP/1.1" 200 4124
192.168.1.201 - - [27/Aug/2018:09:46:41 +0800] "POST /asset/imgAction!doNotNeedSession_loadImgCode.action HTTP/1.1" 200 5
192.168.1.201 - - [27/Aug/2018:09:46:41 +0800] "GET /asset/imgAction!doNotNeedSession_imgCode.action?r=0.24605398510249632 HTTP/1.1" 200 1732
192.168.1.201 - - [27/Aug/2018:09:46:42 +0800] "POST /asset/imgAction!doNotNeedSession_loadImgCode.action HTTP/1.1" 200 14
192.168.1.201 - - [27/Aug/2018:09:46:42 +0800] "POST /asset/imgAction!doNotNeedSession_loadImgCode.action HTTP/1.1" 200 14
192.168.1.203 - - [27/Aug/2018:09:46:46 +0800] "POST /asset/accountAction!logout.action HTTP/1.1" 200 -
192.168.1.203 - - [27/Aug/2018:09:46:46 +0800] "GET /asset/ HTTP/1.1" 200 4124
192.168.1.203 - - [27/Aug/2018:09:46:46 +0800] "POST /asset/imgAction!doNotNeedSession_loadImgCode.action HTTP/1.1" 200 5
192.168.1.203 - - [27/Aug/2018:09:46:46 +0800] "GET /asset/imgAction!doNotNeedSession_imgCode.action?r=0.029287343334268856 HTTP/1.1" 200 1545
192.168.1.206 - - [27/Aug/2018:09:46:47 +0800] "POST /asset/accountAction!doNotNeedSession_login.action HTTP/1.1" 200 27
192.168.1.206 - - [27/Aug/2018:09:46:47 +0800] "GET /asset/personinfoAction!person.action HTTP/1.1" 200 5719
192.168.1.206 - - [27/Aug/2018:09:46:47 +0800] "GET /asset/img/u2.png HTTP/1.1" 200 38103
192.168.1.206 - - [27/Aug/2018:09:46:47 +0800] "GET /asset/ws/websocket HTTP/1.1" 101 -
192.168.1.206 - - [27/Aug/2018:09:46:47 +0800] "GET /asset/img/bg.png HTTP/1.1" 200 329
192.168.1.206 - - [27/Aug/2018:09:46:47 +0800] "GET /asset/jslib/jquery-easyui-1.4.5/themes/default/images/tree_icons.png HTTP/1.1" 200 3115
192.168.1.206 - - [27/Aug/2018:09:46:47 +0800] "GET /asset/jslib/jquery-easyui-1.4.5/themes/default/images/panel_tools.png HTTP/1.1" 200 852
192.168.1.206 - - [27/Aug/2018:09:46:47 +0800] "GET /asset/jslib/jquery-easyui-1.4.5/themes/default/images/layout_arrows.png HTTP/1.1" 200 319
192.168.1.206 - - [27/Aug/2018:09:46:47 +0800] "GET /asset/jslib/jquery-easyui-1.4.5/themes/default/images/tabs_icons.png HTTP/1.1" 200 150
192.168.1.206 - - [27/Aug/2018:09:46:47 +0800] "GET /asset/jslib/jquery-easyui-1.4.5/themes/default/images/accordion_arrows.png HTTP/1.1" 200 184
192.168.1.206 - - [27/Aug/2018:09:46:47 +0800] "GET /asset/newsAction!loadNews.action HTTP/1.1" 200 969
192.168.1.203 - - [27/Aug/2018:09:46:47 +0800] "POST /asset/imgAction!doNotNeedSession_loadImgCode.action HTTP/1.1" 200 14
192.168.1.203 - - [27/Aug/2018:09:46:47 +0800] "POST /asset/imgAction!doNotNeedSession_loadImgCode.action HTTP/1.1" 200 14
192.168.1.207 - - [27/Aug/2018:09:46:49 +0800] "POST /asset/accountAction!doNotNeedSession_login.action HTTP/1.1" 200 27
192.168.1.207 - - [27/Aug/2018:09:46:49 +0800] "GET /asset/personinfoAction!person.action HTTP/1.1" 200 5719
192.168.1.207 - - [27/Aug/2018:09:46:49 +0800] "GET /asset/ws/websocket HTTP/1.1" 101 -
192.168.1.207 - - [27/Aug/2018:09:46:51 +0800] "GET /asset/transactionLogAction!transactionLog.action HTTP/1.1" 200 1860
192.168.1.207 - - [27/Aug/2018:09:46:52 +0800] "POST /asset/transactionLogAction!findTransactionLogs.action HTTP/1.1" 200 2421
192.168.1.207 - - [27/Aug/2018:09:46:53 +0800] "GET /asset/transactionLogAction!transactionLogIn.action HTTP/1.1" 200 2515
192.168.1.186 - - [27/Aug/2018:09:46:54 +0800] "POST /asset/accountAction!doNotNeedSession_login.action HTTP/1.1" 200 81
192.168.1.207 - - [27/Aug/2018:09:46:54 +0800] "GET /asset/transactionLogAction!transactionLogOut.action HTTP/1.1" 200 2540
192.168.1.186 - - [27/Aug/2018:09:46:54 +0800] "GET /asset/jslib/jquery-easyui-1.4.5/themes/default/images/panel_tools.png HTTP/1.1" 200 852
192.168.1.210 - - [27/Aug/2018:09:46:55 +0800] "POST /asset/accountAction!doNotNeedSession_login.action HTTP/1.1" 200 27
192.168.1.210 - - [27/Aug/2018:09:46:55 +0800] "GET /asset/personinfoAction!person.action HTTP/1.1" 200 5719
192.168.1.210 - - [27/Aug/2018:09:46:55 +0800] "GET /asset/img/u2.png HTTP/1.1" 200 38103
192.168.1.210 - - [27/Aug/2018:09:46:55 +0800] "GET /asset/ws/websocket HTTP/1.1" 101 -
192.168.1.210 - - [27/Aug/2018:09:46:55 +0800] "GET /asset/img/bg.png HTTP/1.1" 200 329
192.168.1.210 - - [27/Aug/2018:09:46:55 +0800] "GET /asset/jslib/jquery-easyui-1.4.5/themes/default/images/tree_icons.png HTTP/1.1" 200 3115
192.168.1.210 - - [27/Aug/2018:09:46:55 +0800] "GET /asset/jslib/jquery-easyui-1.4.5/themes/default/images/panel_tools.png HTTP/1.1" 200 852
192.168.1.210 - - [27/Aug/2018:09:46:55 +0800] "GET /asset/jslib/jquery-easyui-1.4.5/themes/default/images/layout_arrows.png HTTP/1.1" 200 319
192.168.1.210 - - [27/Aug/2018:09:46:55 +0800] "GET /asset/jslib/jquery-easyui-1.4.5/themes/default/images/tabs_icons.png HTTP/1.1" 200 150
192.168.1.210 - - [27/Aug/2018:09:46:55 +0800] "GET /asset/jslib/jquery-easyui-1.4.5/themes/default/images/accordion_arrows.png HTTP/1.1" 200 184
192.168.1.210 - - [27/Aug/2018:09:46:55 +0800] "GET /asset/newsAction!loadNews.action HTTP/1.1" 200 969
192.168.1.207 - - [27/Aug/2018:09:46:56 +0800] "GET /asset/transactionLogAction!transactionLogTo.action HTTP/1.1" 200 2660
192.168.1.199 - - [27/Aug/2018:09:46:56 +0800] "POST /asset/adminAction!doNotNeedSession_login.action HTTP/1.1" 200 65
192.168.1.199 - - [27/Aug/2018:09:46:56 +0800] "GET /asset/jslib/jquery-easyui-1.4.5/themes/default/images/panel_tools.png HTTP/1.1" 200 852
192.168.1.205 - - [27/Aug/2018:09:46:56 +0800] "POST /asset/accountAction!doNotNeedSession_login.action HTTP/1.1" 200 81
192.168.1.205 - - [27/Aug/2018:09:46:56 +0800] "GET /asset/jslib/jquery-easyui-1.4.5/themes/default/images/panel_tools.png HTTP/1.1" 200 852
192.168.1.206 - - [27/Aug/2018:09:46:57 +0800] "GET /asset/jslib/jquery-easyui-1.4.5/themes/icons/mini_refresh.png HTTP/1.1" 200 160
192.168.1.206 - - [27/Aug/2018:09:46:57 +0800] "GET /asset/transactionLogAction!transactionLog.action HTTP/1.1" 200 1860
192.168.1.206 - - [27/Aug/2018:09:46:57 +0800] "GET /asset/jslib/jquery-easyui-1.4.5/themes/default/images/pagination_icons.png HTTP/1.1" 200 628
192.168.1.206 - - [27/Aug/2018:09:46:57 +0800] "GET /asset/jslib/jquery-easyui-1.4.5/themes/default/images/loading.gif HTTP/1.1" 200 1737
192.168.1.206 - - [27/Aug/2018:09:46:57 +0800] "POST /asset/transactionLogAction!findTransactionLogs.action HTTP/1.1" 200 2421
192.168.1.207 - - [27/Aug/2018:09:46:58 +0800] "GET /asset/accountAction!password.action HTTP/1.1" 200 2876
192.168.1.188 - - [27/Aug/2018:09:46:58 +0800] "POST /asset/accountAction!doNotNeedSession_login.action HTTP/1.1" 200 81
192.168.1.188 - - [27/Aug/2018:09:46:58 +0800] "GET /asset/jslib/jquery-easyui-1.4.5/themes/default/images/panel_tools.png HTTP/1.1" 200 852
192.168.1.207 - - [27/Aug/2018:09:46:59 +0800] "POST /asset/accountAction!logout.action HTTP/1.1" 200 -
192.168.1.207 - - [27/Aug/2018:09:46:59 +0800] "GET /asset/ HTTP/1.1" 200 4124
192.168.1.207 - - [27/Aug/2018:09:46:59 +0800] "POST /asset/imgAction!doNotNeedSession_loadImgCode.action HTTP/1.1" 200 5
192.168.1.207 - - [27/Aug/2018:09:46:59 +0800] "GET /asset/imgAction!doNotNeedSession_imgCode.action?r=0.3995689341824303 HTTP/1.1" 200 1665
192.168.1.199 - - [27/Aug/2018:09:47:00 +0800] "POST /asset/adminAction!doNotNeedSession_login.action HTTP/1.1" 200 65
192.168.1.186 - - [27/Aug/2018:09:47:00 +0800] "POST /asset/accountAction!doNotNeedSession_login.action HTTP/1.1" 200 81
192.168.1.207 - - [27/Aug/2018:09:47:00 +0800] "POST /asset/imgAction!doNotNeedSession_loadImgCode.action HTTP/1.1" 200 14
192.168.1.207 - - [27/Aug/2018:09:47:00 +0800] "POST /asset/imgAction!doNotNeedSession_loadImgCode.action HTTP/1.1" 200 14
192.168.1.206 - - [27/Aug/2018:09:47:02 +0800] "GET /asset/transactionLogAction!transactionLogIn.action HTTP/1.1" 200 2515
192.168.1.206 - - [27/Aug/2018:09:47:02 +0800] "GET /asset/jslib/jquery-easyui-1.4.5/themes/default/images/combo_arrow.png HTTP/1.1" 200 117
192.168.1.206 - - [27/Aug/2018:09:47:02 +0800] "GET /asset/jslib/jquery-easyui-1.4.5/themes/default/images/calendar_arrows.png HTTP/1.1" 200 173
192.168.1.206 - - [27/Aug/2018:09:47:02 +0800] "GET /asset/jslib/jquery-easyui-1.4.5/themes/default/images/datebox_arrow.png HTTP/1.1" 200 626
192.168.1.188 - - [27/Aug/2018:09:47:03 +0800] "POST /asset/accountAction!doNotNeedSession_login.action HTTP/1.1" 200 81
192.168.1.205 - - [27/Aug/2018:09:47:03 +0800] "POST /asset/accountAction!doNotNeedSession_login.action HTTP/1.1" 200 81
192.168.1.186 - - [27/Aug/2018:09:47:04 +0800] "POST /asset/accountAction!doNotNeedSession_login.action HTTP/1.1" 200 59
192.168.1.199 - - [27/Aug/2018:09:47:04 +0800] "POST /asset/adminAction!doNotNeedSession_login.action HTTP/1.1" 200 65
192.168.1.188 - - [27/Aug/2018:09:47:05 +0800] "POST /asset/accountAction!doNotNeedSession_login.action HTTP/1.1" 200 59
192.168.1.206 - - [27/Aug/2018:09:47:07 +0800] "POST /asset/transactionLogAction!in.action HTTP/1.1" 200 52
192.168.1.205 - - [27/Aug/2018:09:47:08 +0800] "POST /asset/accountAction!doNotNeedSession_login.action HTTP/1.1" 200 59
192.168.1.186 - - [27/Aug/2018:09:47:08 +0800] "POST /asset/accountAction!doNotNeedSession_login.action HTTP/1.1" 200 59
192.168.1.188 - - [27/Aug/2018:09:47:09 +0800] "POST /asset/accountAction!doNotNeedSession_login.action HTTP/1.1" 200 59
192.168.1.205 - - [27/Aug/2018:09:47:11 +0800] "POST /asset/accountAction!doNotNeedSession_login.action HTTP/1.1" 200 59
192.168.1.188 - - [27/Aug/2018:09:47:12 +0800] "POST /asset/accountAction!doNotNeedSession_login.action HTTP/1.1" 200 27
192.168.1.188 - - [27/Aug/2018:09:47:12 +0800] "GET /asset/personinfoAction!person.action HTTP/1.1" 200 5719
192.168.1.188 - - [27/Aug/2018:09:47:12 +0800] "GET /asset/img/u2.png HTTP/1.1" 200 38103
192.168.1.188 - - [27/Aug/2018:09:47:12 +0800] "GET /asset/ws/websocket HTTP/1.1" 101 -
192.168.1.188 - - [27/Aug/2018:09:47:12 +0800] "GET /asset/img/bg.png HTTP/1.1" 200 329
192.168.1.188 - - [27/Aug/2018:09:47:12 +0800] "GET /asset/jslib/jquery-easyui-1.4.5/themes/default/images/tree_icons.png HTTP/1.1" 200 3115
192.168.1.188 - - [27/Aug/2018:09:47:12 +0800] "GET /asset/jslib/jquery-easyui-1.4.5/themes/default/images/layout_arrows.png HTTP/1.1" 200 319
192.168.1.188 - - [27/Aug/2018:09:47:12 +0800] "GET /asset/jslib/jquery-easyui-1.4.5/themes/default/images/tabs_icons.png HTTP/1.1" 200 150
192.168.1.188 - - [27/Aug/2018:09:47:12 +0800] "GET /asset/jslib/jquery-easyui-1.4.5/themes/default/images/accordion_arrows.png HTTP/1.1" 200 184
192.168.1.188 - - [27/Aug/2018:09:47:12 +0800] "GET /asset/newsAction!loadNews.action HTTP/1.1" 200 969
192.168.1.186 - - [27/Aug/2018:09:47:12 +0800] "POST /asset/accountAction!doNotNeedSession_login.action HTTP/1.1" 200 81
192.168.1.206 - - [27/Aug/2018:09:47:13 +0800] "GET /asset/transactionLogAction!transactionLogTo.action HTTP/1.1" 200 2660
192.168.1.205 - - [27/Aug/2018:09:47:16 +0800] "POST /asset/accountAction!doNotNeedSession_login.action HTTP/1.1" 200 81
192.168.1.186 - - [27/Aug/2018:09:47:16 +0800] "POST /asset/accountAction!doNotNeedSession_login.action HTTP/1.1" 200 27
192.168.1.186 - - [27/Aug/2018:09:47:16 +0800] "GET /asset/personinfoAction!person.action HTTP/1.1" 200 5719
192.168.1.207 - - [27/Aug/2018:09:47:16 +0800] "POST /asset/accountAction!doNotNeedSession_login.action HTTP/1.1" 200 59
192.168.1.186 - - [27/Aug/2018:09:47:16 +0800] "GET /asset/img/u2.png HTTP/1.1" 200 38103
192.168.1.186 - - [27/Aug/2018:09:47:16 +0800] "GET /asset/ws/websocket HTTP/1.1" 101 -
192.168.1.186 - - [27/Aug/2018:09:47:16 +0800] "GET /asset/img/bg.png HTTP/1.1" 200 329
192.168.1.186 - - [27/Aug/2018:09:47:16 +0800] "GET /asset/jslib/jquery-easyui-1.4.5/themes/default/images/tree_icons.png HTTP/1.1" 200 3115
192.168.1.186 - - [27/Aug/2018:09:47:16 +0800] "GET /asset/jslib/jquery-easyui-1.4.5/themes/default/images/layout_arrows.png HTTP/1.1" 200 319
192.168.1.186 - - [27/Aug/2018:09:47:16 +0800] "GET /asset/jslib/jquery-easyui-1.4.5/themes/default/images/tabs_icons.png HTTP/1.1" 200 150
192.168.1.186 - - [27/Aug/2018:09:47:17 +0800] "GET /asset/jslib/jquery-easyui-1.4.5/themes/default/images/accordion_arrows.png HTTP/1.1" 200 184
192.168.1.186 - - [27/Aug/2018:09:47:17 +0800] "GET /asset/newsAction!loadNews.action HTTP/1.1" 200 969
192.168.1.199 - - [27/Aug/2018:09:47:18 +0800] "POST /asset/adminAction!doNotNeedSession_login.action HTTP/1.1" 200 65
192.168.1.188 - - [27/Aug/2018:09:47:19 +0800] "GET /asset/jslib/jquery-easyui-1.4.5/themes/icons/mini_refresh.png HTTP/1.1" 200 160
192.168.1.188 - - [27/Aug/2018:09:47:19 +0800] "GET /asset/transactionLogAction!transactionLog.action HTTP/1.1" 200 1860
192.168.1.188 - - [27/Aug/2018:09:47:19 +0800] "GET /asset/jslib/jquery-easyui-1.4.5/themes/default/images/pagination_icons.png HTTP/1.1" 200 628
192.168.1.188 - - [27/Aug/2018:09:47:19 +0800] "GET /asset/jslib/jquery-easyui-1.4.5/themes/default/images/loading.gif HTTP/1.1" 200 1737
192.168.1.188 - - [27/Aug/2018:09:47:19 +0800] "POST /asset/transactionLogAction!findTransactionLogs.action HTTP/1.1" 200 2421
192.168.1.205 - - [27/Aug/2018:09:47:19 +0800] "POST /asset/accountAction!doNotNeedSession_login.action HTTP/1.1" 200 81
192.168.1.188 - - [27/Aug/2018:09:47:20 +0800] "GET /asset/transactionLogAction!transactionLogIn.action HTTP/1.1" 200 2515
192.168.1.188 - - [27/Aug/2018:09:47:21 +0800] "GET /asset/jslib/jquery-easyui-1.4.5/themes/default/images/combo_arrow.png HTTP/1.1" 200 117
192.168.1.188 - - [27/Aug/2018:09:47:21 +0800] "GET /asset/jslib/jquery-easyui-1.4.5/themes/default/images/datebox_arrow.png HTTP/1.1" 200 626
192.168.1.206 - - [27/Aug/2018:09:47:25 +0800] "POST /asset/transactionLogAction!to.action HTTP/1.1" 200 75
192.168.1.210 - - [27/Aug/2018:09:47:26 +0800] "GET /asset/jslib/jquery-easyui-1.4.5/themes/icons/mini_refresh.png HTTP/1.1" 200 160
192.168.1.210 - - [27/Aug/2018:09:47:26 +0800] "GET /asset/transactionLogAction!transactionLogOut.action HTTP/1.1" 200 2540
192.168.1.207 - - [27/Aug/2018:09:47:26 +0800] "POST /asset/accountAction!doNotNeedSession_login.action HTTP/1.1" 200 81
192.168.1.210 - - [27/Aug/2018:09:47:26 +0800] "GET /asset/jslib/jquery-easyui-1.4.5/themes/default/images/combo_arrow.png HTTP/1.1" 200 117
192.168.1.210 - - [27/Aug/2018:09:47:26 +0800] "GET /asset/jslib/jquery-easyui-1.4.5/themes/default/images/calendar_arrows.png HTTP/1.1" 200 173
192.168.1.210 - - [27/Aug/2018:09:47:26 +0800] "GET /asset/jslib/jquery-easyui-1.4.5/themes/default/images/datebox_arrow.png HTTP/1.1" 200 626
192.168.1.210 - - [27/Aug/2018:09:47:28 +0800] "GET /asset/transactionLogAction!transactionLogTo.action HTTP/1.1" 200 2660
192.168.1.203 - - [27/Aug/2018:09:47:28 +0800] "POST /asset/accountAction!doNotNeedSession_login.action HTTP/1.1" 200 81
192.168.1.207 - - [27/Aug/2018:09:47:30 +0800] "POST /asset/accountAction!doNotNeedSession_login.action HTTP/1.1" 200 59
192.168.1.188 - - [27/Aug/2018:09:47:30 +0800] "POST /asset/transactionLogAction!in.action HTTP/1.1" 200 52
192.168.1.199 - - [27/Aug/2018:09:47:31 +0800] "POST /asset/adminAction!doNotNeedSession_login.action HTTP/1.1" 200 65
192.168.1.188 - - [27/Aug/2018:09:47:35 +0800] "GET /asset/personinfoAction!personinfoEdit.action HTTP/1.1" 200 3875
192.168.1.188 - - [27/Aug/2018:09:47:35 +0800] "GET /asset/accountAction!findAccountBySession.action HTTP/1.1" 200 332
192.168.1.210 - - [27/Aug/2018:09:47:37 +0800] "GET /asset/personinfoAction!personinfoEdit.action HTTP/1.1" 200 3875
192.168.1.210 - - [27/Aug/2018:09:47:37 +0800] "GET /asset/accountAction!findAccountBySession.action HTTP/1.1" 200 328
192.168.1.206 - - [27/Aug/2018:09:47:40 +0800] "POST /asset/transactionLogAction!to.action HTTP/1.1" 200 52
192.168.1.186 - - [27/Aug/2018:09:47:44 +0800] "GET /asset/jslib/jquery-easyui-1.4.5/themes/icons/mini_refresh.png HTTP/1.1" 200 160
192.168.1.186 - - [27/Aug/2018:09:47:44 +0800] "GET /asset/transactionLogAction!transactionLog.action HTTP/1.1" 200 1860
192.168.1.186 - - [27/Aug/2018:09:47:45 +0800] "GET /asset/jslib/jquery-easyui-1.4.5/themes/default/images/pagination_icons.png HTTP/1.1" 200 628
192.168.1.186 - - [27/Aug/2018:09:47:45 +0800] "GET /asset/jslib/jquery-easyui-1.4.5/themes/default/images/loading.gif HTTP/1.1" 200 1737
192.168.1.186 - - [27/Aug/2018:09:47:45 +0800] "POST /asset/transactionLogAction!findTransactionLogs.action HTTP/1.1" 200 2421
192.168.1.199 - - [27/Aug/2018:09:47:46 +0800] "POST /asset/adminAction!doNotNeedSession_login.action HTTP/1.1" 200 65
192.168.1.199 - - [27/Aug/2018:09:47:48 +0800] "POST /asset/adminAction!doNotNeedSession_login.action HTTP/1.1" 200 65
192.168.1.186 - - [27/Aug/2018:09:47:49 +0800] "POST /asset/transactionLogAction!findTransactionLogs.action HTTP/1.1" 200 2421
192.168.1.186 - - [27/Aug/2018:09:47:50 +0800] "POST /asset/transactionLogAction!findTransactionLogs.action HTTP/1.1" 200 2421
192.168.1.186 - - [27/Aug/2018:09:47:50 +0800] "POST /asset/transactionLogAction!findTransactionLogs.action HTTP/1.1" 200 2421
192.168.1.199 - - [27/Aug/2018:09:47:50 +0800] "POST /asset/accountAction!doNotNeedSession_login.action HTTP/1.1" 200 81
192.168.1.186 - - [27/Aug/2018:09:47:51 +0800] "POST /asset/transactionLogAction!findTransactionLogs.action HTTP/1.1" 200 2421
192.168.1.186 - - [27/Aug/2018:09:47:51 +0800] "POST /asset/transactionLogAction!findTransactionLogs.action HTTP/1.1" 200 2421
192.168.1.206 - - [27/Aug/2018:09:47:54 +0800] "POST /asset/transactionLogAction!to.action HTTP/1.1" 200 52
192.168.1.210 - - [27/Aug/2018:09:47:54 +0800] "POST /asset/transactionLogAction!to.action HTTP/1.1" 200 52
192.168.1.186 - - [27/Aug/2018:09:47:55 +0800] "POST /asset/transactionLogAction!findTransactionLogs.action HTTP/1.1" 200 2421
192.168.1.186 - - [27/Aug/2018:09:47:56 +0800] "POST /asset/transactionLogAction!findTransactionLogs.action HTTP/1.1" 200 2421
192.168.1.199 - - [27/Aug/2018:09:47:56 +0800] "POST /asset/accountAction!doNotNeedSession_login.action HTTP/1.1" 200 81
192.168.1.186 - - [27/Aug/2018:09:47:56 +0800] "POST /asset/transactionLogAction!findTransactionLogs.action HTTP/1.1" 200 2421
192.168.1.186 - - [27/Aug/2018:09:47:56 +0800] "POST /asset/transactionLogAction!findTransactionLogs.action HTTP/1.1" 200 2421
192.168.1.186 - - [27/Aug/2018:09:47:57 +0800] "POST /asset/transactionLogAction!findTransactionLogs.action HTTP/1.1" 200 2421
192.168.1.186 - - [27/Aug/2018:09:47:57 +0800] "POST /asset/transactionLogAction!findTransactionLogs.action HTTP/1.1" 200 2421
192.168.1.186 - - [27/Aug/2018:09:47:57 +0800] "POST /asset/transactionLogAction!findTransactionLogs.action HTTP/1.1" 200 2421
192.168.1.186 - - [27/Aug/2018:09:47:58 +0800] "POST /asset/transactionLogAction!findTransactionLogs.action HTTP/1.1" 200 2421
192.168.1.206 - - [27/Aug/2018:09:47:59 +0800] "POST /asset/transactionLogAction!to.action HTTP/1.1" 200 52
192.168.1.199 - - [27/Aug/2018:09:47:59 +0800] "POST /asset/accountAction!doNotNeedSession_login.action HTTP/1.1" 200 59
192.168.1.186 - - [27/Aug/2018:09:48:00 +0800] "POST /asset/transactionLogAction!findTransactionLogs.action HTTP/1.1" 200 2421
192.168.1.186 - - [27/Aug/2018:09:48:01 +0800] "POST /asset/transactionLogAction!findTransactionLogs.action HTTP/1.1" 200 2668
192.168.1.188 - - [27/Aug/2018:09:48:04 +0800] "GET /asset/personinfoAction!person.action HTTP/1.1" 200 225
192.168.1.206 - - [27/Aug/2018:09:48:04 +0800] "POST /asset/transactionLogAction!to.action HTTP/1.1" 200 58
192.168.1.199 - - [27/Aug/2018:09:48:04 +0800] "POST /asset/accountAction!doNotNeedSession_login.action HTTP/1.1" 200 59
192.168.1.199 - - [27/Aug/2018:09:48:08 +0800] "POST /asset/accountAction!doNotNeedSession_login.action HTTP/1.1" 200 81
192.168.1.210 - - [27/Aug/2018:09:48:09 +0800] "POST /asset/transactionLogAction!to.action HTTP/1.1" 200 58
192.168.1.188 - - [27/Aug/2018:09:48:10 +0800] "GET /asset/personinfoAction!person.action HTTP/1.1" 200 225
192.168.1.206 - - [27/Aug/2018:09:48:10 +0800] "POST /asset/transactionLogAction!to.action HTTP/1.1" 200 58
192.168.1.199 - - [27/Aug/2018:09:48:11 +0800] "POST /asset/accountAction!doNotNeedSession_login.action HTTP/1.1" 200 81
192.168.1.206 - - [27/Aug/2018:09:48:17 +0800] "POST /asset/transactionLogAction!to.action HTTP/1.1" 200 75
192.168.1.186 - - [27/Aug/2018:09:48:22 +0800] "POST /asset/transactionLogAction!findTransactionLogs.action HTTP/1.1" 200 1102
192.168.1.207 - - [27/Aug/2018:09:48:22 +0800] "POST /asset/accountAction!doNotNeedSession_login.action HTTP/1.1" 200 81
192.168.1.199 - - [27/Aug/2018:09:48:25 +0800] "POST /asset/accountAction!doNotNeedSession_login.action HTTP/1.1" 200 59
192.168.1.199 - - [27/Aug/2018:09:48:30 +0800] "POST /asset/accountAction!doNotNeedSession_login.action HTTP/1.1" 200 59
192.168.1.210 - - [27/Aug/2018:09:48:30 +0800] "GET /asset/personinfoAction!person.action HTTP/1.1" 200 5719
192.168.1.199 - - [27/Aug/2018:09:48:30 +0800] "POST /asset/accountAction!doNotNeedSession_login.action HTTP/1.1" 200 59
192.168.1.210 - - [27/Aug/2018:09:48:30 +0800] "GET /asset/ws/websocket HTTP/1.1" 101 -
192.168.1.210 - - [27/Aug/2018:09:48:31 +0800] "GET /asset/newsAction!loadNews.action HTTP/1.1" 200 225
192.168.1.210 - - [27/Aug/2018:09:48:31 +0800] "GET /favicon.ico HTTP/1.1" 200 21630
192.168.1.199 - - [27/Aug/2018:09:48:31 +0800] "POST /asset/accountAction!doNotNeedSession_login.action HTTP/1.1" 200 59
192.168.1.199 - - [27/Aug/2018:09:48:31 +0800] "POST /asset/accountAction!doNotNeedSession_login.action HTTP/1.1" 200 59
192.168.1.199 - - [27/Aug/2018:09:48:31 +0800] "POST /asset/accountAction!doNotNeedSession_login.action HTTP/1.1" 200 59
192.168.1.199 - - [27/Aug/2018:09:48:31 +0800] "POST /asset/accountAction!doNotNeedSession_login.action HTTP/1.1" 200 59
192.168.1.210 - - [27/Aug/2018:09:48:32 +0800] "GET /asset/personinfoAction!person.action HTTP/1.1" 200 225
192.168.1.210 - - [27/Aug/2018:09:48:33 +0800] "GET /favicon.ico HTTP/1.1" 200 21630
192.168.1.188 - - [27/Aug/2018:09:48:43 +0800] "GET /asset/ HTTP/1.1" 200 4124
192.168.1.188 - - [27/Aug/2018:09:48:43 +0800] "POST /asset/imgAction!doNotNeedSession_loadImgCode.action HTTP/1.1" 200 5
192.168.1.188 - - [27/Aug/2018:09:48:43 +0800] "GET /asset/imgAction!doNotNeedSession_imgCode.action?r=0.6678429997024622 HTTP/1.1" 200 1620
192.168.1.188 - - [27/Aug/2018:09:48:44 +0800] "POST /asset/imgAction!doNotNeedSession_loadImgCode.action HTTP/1.1" 200 14
192.168.1.188 - - [27/Aug/2018:09:48:44 +0800] "POST /asset/imgAction!doNotNeedSession_loadImgCode.action HTTP/1.1" 200 14
192.168.1.207 - - [27/Aug/2018:09:48:48 +0800] "POST /asset/accountAction!doNotNeedSession_login.action HTTP/1.1" 200 27
192.168.1.207 - - [27/Aug/2018:09:48:48 +0800] "GET /asset/personinfoAction!person.action HTTP/1.1" 200 5719
192.168.1.207 - - [27/Aug/2018:09:48:48 +0800] "GET /asset/ws/websocket HTTP/1.1" 101 -
192.168.1.206 - - [27/Aug/2018:09:48:48 +0800] "POST /asset/transactionLogAction!findTransactionLogs.action HTTP/1.1" 200 2668
192.168.1.207 - - [27/Aug/2018:09:48:51 +0800] "GET /asset/transactionLogAction!transactionLogIn.action HTTP/1.1" 200 2515
192.168.1.206 - - [27/Aug/2018:09:48:53 +0800] "POST /asset/transactionLogAction!findTransactionLogs.action HTTP/1.1" 200 1102
192.168.1.199 - - [27/Aug/2018:09:48:55 +0800] "POST /asset/accountAction!doNotNeedSession_login.action HTTP/1.1" 200 81
192.168.1.207 - - [27/Aug/2018:09:48:55 +0800] "GET /asset/transactionLogAction!transactionLogTo.action HTTP/1.1" 200 2660
192.168.1.199 - - [27/Aug/2018:09:48:58 +0800] "POST /asset/accountAction!doNotNeedSession_login.action HTTP/1.1" 200 81
192.168.1.188 - - [27/Aug/2018:09:48:58 +0800] "POST /asset/accountAction!doNotNeedSession_login.action HTTP/1.1" 200 81
192.168.1.186 - - [27/Aug/2018:09:49:01 +0800] "POST /asset/transactionLogAction!findTransactionLogs.action HTTP/1.1" 200 2668
192.168.1.199 - - [27/Aug/2018:09:49:01 +0800] "POST /asset/accountAction!doNotNeedSession_login.action HTTP/1.1" 200 59
192.168.1.186 - - [27/Aug/2018:09:49:02 +0800] "POST /asset/transactionLogAction!findTransactionLogs.action HTTP/1.1" 200 2421
192.168.1.188 - - [27/Aug/2018:09:49:03 +0800] "POST /asset/accountAction!doNotNeedSession_login.action HTTP/1.1" 200 81
192.168.1.199 - - [27/Aug/2018:09:49:05 +0800] "POST /asset/accountAction!doNotNeedSession_login.action HTTP/1.1" 200 27
192.168.1.199 - - [27/Aug/2018:09:49:05 +0800] "GET /asset/personinfoAction!person.action HTTP/1.1" 200 5719
192.168.1.199 - - [27/Aug/2018:09:49:05 +0800] "GET /asset/img/u2.png HTTP/1.1" 200 38103
192.168.1.199 - - [27/Aug/2018:09:49:05 +0800] "GET /asset/img/bg.png HTTP/1.1" 200 329
192.168.1.199 - - [27/Aug/2018:09:49:05 +0800] "GET /asset/ws/websocket HTTP/1.1" 101 -
192.168.1.199 - - [27/Aug/2018:09:49:05 +0800] "GET /asset/jslib/jquery-easyui-1.4.5/themes/default/images/tree_icons.png HTTP/1.1" 200 3115
192.168.1.199 - - [27/Aug/2018:09:49:05 +0800] "GET /asset/jslib/jquery-easyui-1.4.5/themes/default/images/layout_arrows.png HTTP/1.1" 200 319
192.168.1.199 - - [27/Aug/2018:09:49:05 +0800] "GET /asset/jslib/jquery-easyui-1.4.5/themes/default/images/tabs_icons.png HTTP/1.1" 200 150
192.168.1.199 - - [27/Aug/2018:09:49:05 +0800] "GET /asset/jslib/jquery-easyui-1.4.5/themes/default/images/accordion_arrows.png HTTP/1.1" 200 184
192.168.1.199 - - [27/Aug/2018:09:49:05 +0800] "GET /asset/newsAction!loadNews.action HTTP/1.1" 200 969
192.168.1.203 - - [27/Aug/2018:09:49:06 +0800] "POST /asset/adminAction!doNotNeedSession_login.action HTTP/1.1" 200 131
192.168.1.203 - - [27/Aug/2018:09:49:06 +0800] "GET /asset/adminAction!admin.action HTTP/1.1" 200 3636
192.168.1.186 - - [27/Aug/2018:09:49:07 +0800] "POST /asset/transactionLogAction!findTransactionLogs.action HTTP/1.1" 200 2668
192.168.1.207 - - [27/Aug/2018:09:49:10 +0800] "POST /asset/transactionLogAction!to.action HTTP/1.1" 200 75
192.168.1.199 - - [27/Aug/2018:09:49:10 +0800] "GET /asset/jslib/jquery-easyui-1.4.5/themes/icons/mini_refresh.png HTTP/1.1" 200 160
192.168.1.199 - - [27/Aug/2018:09:49:10 +0800] "GET /asset/transactionLogAction!transactionLog.action HTTP/1.1" 200 1860
192.168.1.199 - - [27/Aug/2018:09:49:10 +0800] "GET /asset/jslib/jquery-easyui-1.4.5/themes/default/images/pagination_icons.png HTTP/1.1" 200 628
192.168.1.199 - - [27/Aug/2018:09:49:10 +0800] "GET /asset/jslib/jquery-easyui-1.4.5/themes/default/images/loading.gif HTTP/1.1" 200 1737
192.168.1.199 - - [27/Aug/2018:09:49:10 +0800] "POST /asset/transactionLogAction!findTransactionLogs.action HTTP/1.1" 200 2421
192.168.1.188 - - [27/Aug/2018:09:49:12 +0800] "POST /asset/adminAction!doNotNeedSession_login.action HTTP/1.1" 200 65
192.168.1.186 - - [27/Aug/2018:09:49:13 +0800] "POST /asset/transactionLogAction!findTransactionLogs.action HTTP/1.1" 200 1102
192.168.1.199 - - [27/Aug/2018:09:49:13 +0800] "GET /asset/transactionLogAction!transactionLogIn.action HTTP/1.1" 200 2515
192.168.1.199 - - [27/Aug/2018:09:49:13 +0800] "GET /asset/jslib/jquery-easyui-1.4.5/themes/default/images/combo_arrow.png HTTP/1.1" 200 117
192.168.1.199 - - [27/Aug/2018:09:49:13 +0800] "GET /asset/jslib/jquery-easyui-1.4.5/themes/default/images/datebox_arrow.png HTTP/1.1" 200 626
192.168.1.206 - - [27/Aug/2018:09:49:14 +0800] "POST /asset/imgAction!doNotNeedSession_loadImgCode.action HTTP/1.1" 200 5
192.168.1.206 - - [27/Aug/2018:09:49:14 +0800] "GET /asset/imgAction!doNotNeedSession_imgCode.action?r=0.6639382369334066 HTTP/1.1" 200 1706
192.168.1.206 - - [27/Aug/2018:09:49:15 +0800] "POST /asset/imgAction!doNotNeedSession_loadImgCode.action HTTP/1.1" 200 14
192.168.1.206 - - [27/Aug/2018:09:49:15 +0800] "POST /asset/imgAction!doNotNeedSession_loadImgCode.action HTTP/1.1" 200 14
192.168.1.199 - - [27/Aug/2018:09:49:16 +0800] "GET /asset/transactionLogAction!transactionLogOut.action HTTP/1.1" 200 2540
192.168.1.203 - - [27/Aug/2018:09:49:16 +0800] "POST /asset/adminAction!logout.action HTTP/1.1" 200 -
192.168.1.203 - - [27/Aug/2018:09:49:16 +0800] "GET /asset/ HTTP/1.1" 200 4124
192.168.1.203 - - [27/Aug/2018:09:49:16 +0800] "GET /asset/imgAction!doNotNeedSession_imgCode.action?r=0.2876789122864851 HTTP/1.1" 200 1623
192.168.1.203 - - [27/Aug/2018:09:49:16 +0800] "POST /asset/imgAction!doNotNeedSession_loadImgCode.action HTTP/1.1" 200 14
192.168.1.199 - - [27/Aug/2018:09:49:17 +0800] "GET /asset/transactionLogAction!transactionLogTo.action HTTP/1.1" 200 2660
192.168.1.203 - - [27/Aug/2018:09:49:17 +0800] "POST /asset/imgAction!doNotNeedSession_loadImgCode.action HTTP/1.1" 200 14
192.168.1.206 - - [27/Aug/2018:09:49:17 +0800] "GET /asset/ws/websocket HTTP/1.1" 101 -
192.168.1.188 - - [27/Aug/2018:09:49:20 +0800] "POST /asset/adminAction!doNotNeedSession_login.action HTTP/1.1" 200 65
192.168.1.199 - - [27/Aug/2018:09:49:21 +0800] "GET /asset/personinfoAction!personinfoEdit.action HTTP/1.1" 200 3875
192.168.1.199 - - [27/Aug/2018:09:49:21 +0800] "GET /asset/accountAction!findAccountBySession.action HTTP/1.1" 200 328
0:0:0:0:0:0:0:1 - - [27/Aug/2018:09:49:22 +0800] "GET /asset/accountAction!accountClose.action HTTP/1.1" 200 4071
0:0:0:0:0:0:0:1 - - [27/Aug/2018:09:49:22 +0800] "GET /asset/jslib/jquery-easyui-1.4.5/themes/icons/ok.png HTTP/1.1" 304 -
0:0:0:0:0:0:0:1 - - [27/Aug/2018:09:49:22 +0800] "POST /asset/accountAction!findCloseAccouts.action HTTP/1.1" 200 721
192.168.1.206 - - [27/Aug/2018:09:49:22 +0800] "GET /asset/transactionLogAction!transactionLogOut.action HTTP/1.1" 200 225
192.168.1.206 - - [27/Aug/2018:09:49:22 +0800] "GET /asset/jslib/jquery-easyui-1.4.5/themes/default/images/messager_icons.png HTTP/1.1" 200 6116
192.168.1.206 - - [27/Aug/2018:09:49:23 +0800] "GET /asset/ HTTP/1.1" 200 4124
192.168.1.206 - - [27/Aug/2018:09:49:24 +0800] "POST /asset/imgAction!doNotNeedSession_loadImgCode.action HTTP/1.1" 200 14
192.168.1.206 - - [27/Aug/2018:09:49:24 +0800] "GET /asset/imgAction!doNotNeedSession_imgCode.action?r=0.42097754689022393 HTTP/1.1" 200 1574
0:0:0:0:0:0:0:1 - - [27/Aug/2018:09:49:24 +0800] "GET /asset/jslib/jquery-easyui-1.4.5/themes/default/images/messager_icons.png HTTP/1.1" 304 -
192.168.1.206 - - [27/Aug/2018:09:49:25 +0800] "POST /asset/imgAction!doNotNeedSession_loadImgCode.action HTTP/1.1" 200 14
0:0:0:0:0:0:0:1 - - [27/Aug/2018:09:49:25 +0800] "GET /asset/accountAction!updateStatus.action?ids=201800000001%2C201800000002&type=open HTTP/1.1" 200 52
0:0:0:0:0:0:0:1 - - [27/Aug/2018:09:49:25 +0800] "POST /asset/accountAction!findCloseAccouts.action HTTP/1.1" 200 32
192.168.1.188 - - [27/Aug/2018:09:49:27 +0800] "POST /asset/adminAction!doNotNeedSession_login.action HTTP/1.1" 200 65
192.168.1.188 - - [27/Aug/2018:09:49:35 +0800] "POST /asset/adminAction!doNotNeedSession_login.action HTTP/1.1" 200 131
192.168.1.188 - - [27/Aug/2018:09:49:35 +0800] "GET /asset/adminAction!admin.action HTTP/1.1" 200 3636
192.168.1.206 - - [27/Aug/2018:09:49:37 +0800] "POST /asset/accountAction!doNotNeedSession_login.action HTTP/1.1" 200 27
192.168.1.206 - - [27/Aug/2018:09:49:37 +0800] "GET /asset/personinfoAction!person.action HTTP/1.1" 200 5719
192.168.1.206 - - [27/Aug/2018:09:49:37 +0800] "GET /asset/ws/websocket HTTP/1.1" 101 -
192.168.1.206 - - [27/Aug/2018:09:49:37 +0800] "GET /asset/newsAction!loadNews.action HTTP/1.1" 200 969
192.168.1.199 - - [27/Aug/2018:09:49:37 +0800] "GET /asset/personinfoAction!personinfoEdit.action HTTP/1.1" 200 3875
192.168.1.199 - - [27/Aug/2018:09:49:37 +0800] "GET /asset/accountAction!findAccountBySession.action HTTP/1.1" 200 328
192.168.1.188 - - [27/Aug/2018:09:49:38 +0800] "GET /asset/accountAction!account.action HTTP/1.1" 200 4687
192.168.1.188 - - [27/Aug/2018:09:49:38 +0800] "GET /asset/jslib/jquery-easyui-1.4.5/themes/icons/search.png HTTP/1.1" 200 813
192.168.1.188 - - [27/Aug/2018:09:49:38 +0800] "GET /asset/jslib/jquery-easyui-1.4.5/themes/default/images/datagrid_icons.png HTTP/1.1" 200 307
192.168.1.188 - - [27/Aug/2018:09:49:38 +0800] "GET /asset/jslib/jquery-easyui-1.4.5/themes/icons/no.png HTTP/1.1" 200 922
192.168.1.188 - - [27/Aug/2018:09:49:38 +0800] "GET /asset/jslib/jquery-easyui-1.4.5/themes/icons/ok.png HTTP/1.1" 200 883
192.168.1.188 - - [27/Aug/2018:09:49:38 +0800] "GET /asset/jslib/jquery-easyui-1.4.5/themes/icons/edit_remove.png HTTP/1.1" 200 625
192.168.1.188 - - [27/Aug/2018:09:49:38 +0800] "POST /asset/accountAction!findAccouts.action HTTP/1.1" 200 2098
192.168.1.199 - - [27/Aug/2018:09:49:41 +0800] "GET /asset/transactionLogAction!transactionLog.action HTTP/1.1" 200 1860
192.168.1.199 - - [27/Aug/2018:09:49:41 +0800] "POST /asset/transactionLogAction!findTransactionLogs.action HTTP/1.1" 200 2421
192.168.1.199 - - [27/Aug/2018:09:49:42 +0800] "GET /asset/transactionLogAction!transactionLogIn.action HTTP/1.1" 200 2515
192.168.1.199 - - [27/Aug/2018:09:49:43 +0800] "GET /asset/transactionLogAction!transactionLogOut.action HTTP/1.1" 200 2540
192.168.1.188 - - [27/Aug/2018:09:49:43 +0800] "GET /asset/accountAction!accountClose.action HTTP/1.1" 200 4071
192.168.1.206 - - [27/Aug/2018:09:49:43 +0800] "GET /asset/transactionLogAction!transactionLogTo.action HTTP/1.1" 200 2660
192.168.1.188 - - [27/Aug/2018:09:49:43 +0800] "POST /asset/accountAction!findCloseAccouts.action HTTP/1.1" 200 32
192.168.1.199 - - [27/Aug/2018:09:49:44 +0800] "GET /asset/transactionLogAction!transactionLogTo.action HTTP/1.1" 200 2660
192.168.1.188 - - [27/Aug/2018:09:49:45 +0800] "GET /asset/accountAction!accountOpen.action HTTP/1.1" 200 4071
192.168.1.199 - - [27/Aug/2018:09:49:45 +0800] "GET /asset/accountAction!password.action HTTP/1.1" 200 2876
192.168.1.188 - - [27/Aug/2018:09:49:45 +0800] "POST /asset/accountAction!findOpenAccouts.action HTTP/1.1" 200 2098
192.168.1.206 - - [27/Aug/2018:09:49:48 +0800] "POST /asset/transactionLogAction!to.action HTTP/1.1" 200 75
192.168.1.186 - - [27/Aug/2018:09:49:51 +0800] "POST /asset/transactionLogAction!findTransactionLogs.action HTTP/1.1" 200 1102
192.168.1.186 - - [27/Aug/2018:09:49:51 +0800] "POST /asset/transactionLogAction!findTransactionLogs.action HTTP/1.1" 200 1102
192.168.1.186 - - [27/Aug/2018:09:49:51 +0800] "POST /asset/transactionLogAction!findTransactionLogs.action HTTP/1.1" 200 1102
192.168.1.186 - - [27/Aug/2018:09:49:53 +0800] "POST /asset/transactionLogAction!findTransactionLogs.action HTTP/1.1" 200 1102
192.168.1.199 - - [27/Aug/2018:09:50:02 +0800] "POST /asset/transactionLogAction!to.action HTTP/1.1" 200 75
192.168.1.206 - - [27/Aug/2018:09:50:03 +0800] "POST /asset/transactionLogAction!to.action HTTP/1.1" 200 52
192.168.1.188 - - [27/Aug/2018:09:50:03 +0800] "GET /asset/newsAction!news.action HTTP/1.1" 200 4198
192.168.1.188 - - [27/Aug/2018:09:50:03 +0800] "GET /asset/jslib/jquery-easyui-1.4.5/themes/icons/more.png HTTP/1.1" 200 110
192.168.1.188 - - [27/Aug/2018:09:50:03 +0800] "GET /asset/jslib/jquery-easyui-1.4.5/themes/icons/edit_add.png HTTP/1.1" 200 1088
192.168.1.188 - - [27/Aug/2018:09:50:03 +0800] "POST /asset/newsAction!findManyNews.action HTTP/1.1" 200 965
192.168.1.186 - - [27/Aug/2018:09:50:06 +0800] "POST /asset/transactionLogAction!findTransactionLogs.action HTTP/1.1" 200 1374
192.168.1.199 - - [27/Aug/2018:09:50:06 +0800] "POST /asset/transactionLogAction!to.action HTTP/1.1" 200 75
192.168.1.186 - - [27/Aug/2018:09:50:06 +0800] "POST /asset/transactionLogAction!findTransactionLogs.action HTTP/1.1" 200 1374
192.168.1.199 - - [27/Aug/2018:09:50:09 +0800] "POST /asset/transactionLogAction!to.action HTTP/1.1" 200 75
192.168.1.199 - - [27/Aug/2018:09:50:14 +0800] "POST /asset/transactionLogAction!to.action HTTP/1.1" 200 75
192.168.1.206 - - [27/Aug/2018:09:50:14 +0800] "POST /asset/transactionLogAction!to.action HTTP/1.1" 200 52
192.168.1.207 - - [27/Aug/2018:09:50:18 +0800] "GET /asset/transactionLogAction!transactionLogOut.action HTTP/1.1" 200 2540
192.168.1.188 - - [27/Aug/2018:09:50:18 +0800] "POST /asset/adminAction!logout.action HTTP/1.1" 200 -
192.168.1.188 - - [27/Aug/2018:09:50:18 +0800] "GET /asset/ HTTP/1.1" 200 4124
192.168.1.188 - - [27/Aug/2018:09:50:18 +0800] "POST /asset/imgAction!doNotNeedSession_loadImgCode.action HTTP/1.1" 200 5
192.168.1.188 - - [27/Aug/2018:09:50:18 +0800] "GET /asset/imgAction!doNotNeedSession_imgCode.action?r=0.8997999207336163 HTTP/1.1" 200 1636
192.168.1.188 - - [27/Aug/2018:09:50:19 +0800] "POST /asset/imgAction!doNotNeedSession_loadImgCode.action HTTP/1.1" 200 14
192.168.1.188 - - [27/Aug/2018:09:50:19 +0800] "POST /asset/imgAction!doNotNeedSession_loadImgCode.action HTTP/1.1" 200 14
192.168.1.199 - - [27/Aug/2018:09:50:20 +0800] "POST /asset/transactionLogAction!to.action HTTP/1.1" 200 75
192.168.1.186 - - [27/Aug/2018:09:50:20 +0800] "GET /asset/transactionLogAction!transactionLogTo.action HTTP/1.1" 200 2660
192.168.1.186 - - [27/Aug/2018:09:50:21 +0800] "GET /asset/jslib/jquery-easyui-1.4.5/themes/default/images/combo_arrow.png HTTP/1.1" 200 117
192.168.1.186 - - [27/Aug/2018:09:50:21 +0800] "GET /asset/jslib/jquery-easyui-1.4.5/themes/default/images/calendar_arrows.png HTTP/1.1" 200 173
192.168.1.186 - - [27/Aug/2018:09:50:21 +0800] "GET /asset/jslib/jquery-easyui-1.4.5/themes/default/images/datebox_arrow.png HTTP/1.1" 200 626
192.168.1.207 - - [27/Aug/2018:09:50:21 +0800] "GET /asset/personinfoAction!personinfoEdit.action HTTP/1.1" 200 3875
192.168.1.186 - - [27/Aug/2018:09:50:36 +0800] "POST /asset/transactionLogAction!to.action HTTP/1.1" 200 75
192.168.1.207 - - [27/Aug/2018:09:50:37 +0800] "POST /asset/transactionLogAction!to.action HTTP/1.1" 200 52
192.168.1.199 - - [27/Aug/2018:09:50:41 +0800] "POST /asset/imgAction!doNotNeedSession_loadImgCode.action HTTP/1.1" 200 5
192.168.1.199 - - [27/Aug/2018:09:50:41 +0800] "GET /asset/imgAction!doNotNeedSession_imgCode.action?r=0.8147008406394832 HTTP/1.1" 200 1537
127.0.0.1 - - [27/Aug/2018:10:20:35 +0800] "GET / HTTP/1.1" 200 11452
0:0:0:0:0:0:0:1 - - [27/Aug/2018:10:20:42 +0800] "POST /asset/adminAction!logout.action HTTP/1.1" 200 225
0:0:0:0:0:0:0:1 - - [27/Aug/2018:10:20:42 +0800] "GET /asset/ HTTP/1.1" 200 4124
0:0:0:0:0:0:0:1 - - [27/Aug/2018:10:20:43 +0800] "POST /asset/imgAction!doNotNeedSession_loadImgCode.action HTTP/1.1" 200 5
0:0:0:0:0:0:0:1 - - [27/Aug/2018:10:20:44 +0800] "POST /asset/imgAction!doNotNeedSession_loadImgCode.action HTTP/1.1" 200 14
0:0:0:0:0:0:0:1 - - [27/Aug/2018:10:20:44 +0800] "GET /asset/imgAction!doNotNeedSession_imgCode.action?r=0.844670738369727 HTTP/1.1" 200 1639
0:0:0:0:0:0:0:1 - - [27/Aug/2018:10:20:44 +0800] "POST /asset/imgAction!doNotNeedSession_loadImgCode.action HTTP/1.1" 200 14
0:0:0:0:0:0:0:1 - - [27/Aug/2018:10:20:53 +0800] "POST /asset/accountAction!doNotNeedSession_login.action HTTP/1.1" 200 65
0:0:0:0:0:0:0:1 - - [27/Aug/2018:10:20:58 +0800] "POST /asset/accountAction!doNotNeedSession_login.action HTTP/1.1" 200 27
0:0:0:0:0:0:0:1 - - [27/Aug/2018:10:20:58 +0800] "GET /asset/personinfoAction!person.action HTTP/1.1" 200 5719
0:0:0:0:0:0:0:1 - - [27/Aug/2018:10:20:59 +0800] "GET /asset/ws/websocket HTTP/1.1" 101 -
0:0:0:0:0:0:0:1 - - [27/Aug/2018:10:20:59 +0800] "GET /asset/jslib/jquery-easyui-1.4.5/themes/default/images/accordion_arrows.png HTTP/1.1" 500 -
0:0:0:0:0:0:0:1 - - [27/Aug/2018:10:20:59 +0800] "GET /asset/newsAction!loadNews.action HTTP/1.1" 200 969
0:0:0:0:0:0:0:1 - - [27/Aug/2018:10:21:49 +0800] "GET /asset/personinfoAction!person.action HTTP/1.1" 200 225
0:0:0:0:0:0:0:1 - - [27/Aug/2018:10:23:58 +0800] "GET /asset HTTP/1.1" 302 -
0:0:0:0:0:0:0:1 - - [27/Aug/2018:10:23:58 +0800] "GET /asset/ HTTP/1.1" 200 4124
0:0:0:0:0:0:0:1 - - [27/Aug/2018:10:23:59 +0800] "POST /asset/imgAction!doNotNeedSession_loadImgCode.action HTTP/1.1" 200 5
0:0:0:0:0:0:0:1 - - [27/Aug/2018:10:23:59 +0800] "GET /asset/imgAction!doNotNeedSession_imgCode.action?r=0.830901008590057 HTTP/1.1" 200 1545
0:0:0:0:0:0:0:1 - - [27/Aug/2018:10:24:00 +0800] "POST /asset/imgAction!doNotNeedSession_loadImgCode.action HTTP/1.1" 200 14
0:0:0:0:0:0:0:1 - - [27/Aug/2018:10:24:00 +0800] "POST /asset/imgAction!doNotNeedSession_loadImgCode.action HTTP/1.1" 200 14
0:0:0:0:0:0:0:1 - - [27/Aug/2018:10:24:39 +0800] "POST /asset/accountAction!doNotNeedSession_login.action HTTP/1.1" 200 27
0:0:0:0:0:0:0:1 - - [27/Aug/2018:10:24:39 +0800] "GET /asset/personinfoAction!person.action HTTP/1.1" 200 5719
0:0:0:0:0:0:0:1 - - [27/Aug/2018:10:24:39 +0800] "GET /asset/ws/websocket HTTP/1.1" 101 -
0:0:0:0:0:0:0:1 - - [27/Aug/2018:10:24:39 +0800] "GET /asset/newsAction!loadNews.action HTTP/1.1" 200 969
192.168.1.203 - - [27/Aug/2018:10:30:34 +0800] "GET /asset/ HTTP/1.1" 200 4124
192.168.1.203 - - [27/Aug/2018:10:30:34 +0800] "GET /asset/jslib/jquery-easyui-1.4.5/themes/default/easyui.css HTTP/1.1" 304 -
192.168.1.203 - - [27/Aug/2018:10:30:34 +0800] "GET /asset/jslib/jquery-easyui-1.4.5/jquery.min.js HTTP/1.1" 304 -
192.168.1.203 - - [27/Aug/2018:10:30:34 +0800] "GET /asset/jslib/jquery-easyui-1.4.5/jquery.easyui.min.js HTTP/1.1" 304 -
192.168.1.203 - - [27/Aug/2018:10:30:34 +0800] "GET /asset/jslib/jquery-easyui-1.4.5/themes/icon.css HTTP/1.1" 304 -
192.168.1.203 - - [27/Aug/2018:10:30:34 +0800] "GET /asset/jslib/util.js HTTP/1.1" 304 -
192.168.1.203 - - [27/Aug/2018:10:30:34 +0800] "GET /asset/jslib/jquery-easyui-1.4.5/locale/easyui-lang-zh_CN.js HTTP/1.1" 304 -
192.168.1.203 - - [27/Aug/2018:10:30:34 +0800] "GET /asset/jslib/jquery-easyui-1.4.5/themes/icons/man.png HTTP/1.1" 304 -
192.168.1.203 - - [27/Aug/2018:10:30:34 +0800] "GET /asset/jslib/jquery-easyui-1.4.5/themes/icons/lock.png HTTP/1.1" 304 -
192.168.1.203 - - [27/Aug/2018:10:30:34 +0800] "GET /asset/jslib/jquery-easyui-1.4.5/themes/icons/reload.png HTTP/1.1" 304 -
192.168.1.203 - - [27/Aug/2018:10:30:34 +0800] "GET /asset/jslib/jquery-easyui-1.4.5/themes/default/images/blank.gif HTTP/1.1" 304 -
192.168.1.203 - - [27/Aug/2018:10:30:34 +0800] "POST /asset/imgAction!doNotNeedSession_loadImgCode.action HTTP/1.1" 200 5
192.168.1.203 - - [27/Aug/2018:10:30:34 +0800] "GET /asset/imgAction!doNotNeedSession_imgCode.action?r=0.8141546420439256 HTTP/1.1" 200 1604
192.168.1.203 - - [27/Aug/2018:10:30:35 +0800] "POST /asset/imgAction!doNotNeedSession_loadImgCode.action HTTP/1.1" 200 14
192.168.1.203 - - [27/Aug/2018:10:30:35 +0800] "POST /asset/imgAction!doNotNeedSession_loadImgCode.action HTTP/1.1" 200 14
192.168.1.203 - - [27/Aug/2018:10:30:50 +0800] "POST /asset/adminAction!doNotNeedSession_login.action HTTP/1.1" 200 65
192.168.1.203 - - [27/Aug/2018:10:30:50 +0800] "GET /asset/jslib/jquery-easyui-1.4.5/themes/default/images/panel_tools.png HTTP/1.1" 304 -
0:0:0:0:0:0:0:1 - - [27/Aug/2018:10:42:11 +0800] "GET /asset/personinfoAction!person.action HTTP/1.1" 200 225
0:0:0:0:0:0:0:1 - - [27/Aug/2018:10:42:12 +0800] "GET /asset/personinfoAction!person.action HTTP/1.1" 200 225
0:0:0:0:0:0:0:1 - - [27/Aug/2018:10:42:16 +0800] "GET /asset HTTP/1.1" 302 -
0:0:0:0:0:0:0:1 - - [27/Aug/2018:10:42:16 +0800] "GET /asset/ HTTP/1.1" 200 4124
0:0:0:0:0:0:0:1 - - [27/Aug/2018:10:42:17 +0800] "POST /asset/imgAction!doNotNeedSession_loadImgCode.action HTTP/1.1" 200 5
0:0:0:0:0:0:0:1 - - [27/Aug/2018:10:42:17 +0800] "GET /asset/imgAction!doNotNeedSession_imgCode.action?r=0.5365310871863409 HTTP/1.1" 200 1590
0:0:0:0:0:0:0:1 - - [27/Aug/2018:10:42:18 +0800] "POST /asset/imgAction!doNotNeedSession_loadImgCode.action HTTP/1.1" 200 14
0:0:0:0:0:0:0:1 - - [27/Aug/2018:10:42:18 +0800] "POST /asset/imgAction!doNotNeedSession_loadImgCode.action HTTP/1.1" 200 14
0:0:0:0:0:0:0:1 - - [27/Aug/2018:10:42:25 +0800] "POST /asset/accountAction!doNotNeedSession_login.action HTTP/1.1" 200 27
0:0:0:0:0:0:0:1 - - [27/Aug/2018:10:42:27 +0800] "GET /asset/personinfoAction!person.action HTTP/1.1" 200 5792
0:0:0:0:0:0:0:1 - - [27/Aug/2018:10:42:27 +0800] "GET /asset/ws/websocket HTTP/1.1" 101 -
